// Jest Snapshot v1, https://goo.gl/fbAQLP

exports[`AppSpotlightContainer renders correctly 1`] = `
<div>
  <div
    class="AppSpotlightGrid"
  >
    <div
      class="AppSpotlightHeader"
    >
      <div
        class="AppSpotlightAppImage"
      >
        <div
          class="AppSpotlightAppImage__wrapper"
        >
          <svg
            aria-labelledby="AppSpotlightAppImage__wrapper-aria"
            height="72"
            role="img"
            width="72"
          >
            <title
              id="AppSpotlightAppImage__wrapper-aria"
            >
              Loading...
            </title>
            <rect
              clip-path="url(#AppSpotlightAppImage__wrapper-diff)"
              height="100%"
              role="presentation"
              style="fill: url(#AppSpotlightAppImage__wrapper-animated-diff);"
              width="100%"
              x="0"
              y="0"
            />
            <defs
              role="presentation"
            >
              <clippath
                id="AppSpotlightAppImage__wrapper-diff"
              >
                <rect
                  height="72"
                  rx="4"
                  ry="4"
                  width="72"
                  x="0"
                  y="0"
                />
              </clippath>
              <lineargradient
                id="AppSpotlightAppImage__wrapper-animated-diff"
              >
                <stop
                  offset="0%"
                  stop-color="#F0F0F0"
                  stop-opacity="1"
                >
                  <animate
                    attributeName="offset"
                    dur="1.2s"
                    keyTimes="0; 0.25; 1"
                    repeatCount="indefinite"
                    values="-2; -2; 1"
                  />
                </stop>
                <stop
                  offset="50%"
                  stop-color="#F7F7F7"
                  stop-opacity="1"
                >
                  <animate
                    attributeName="offset"
                    dur="1.2s"
                    keyTimes="0; 0.25; 1"
                    repeatCount="indefinite"
                    values="-1; -1; 2"
                  />
                </stop>
                <stop
                  offset="100%"
                  stop-color="#F0F0F0"
                  stop-opacity="1"
                >
                  <animate
                    attributeName="offset"
                    dur="1.2s"
                    keyTimes="0; 0.25; 1"
                    repeatCount="indefinite"
                    values="0; 0; 3"
                  />
                </stop>
              </lineargradient>
            </defs>
          </svg>
        </div>
        <div
          class="AppSpotlightAppImage__title"
        >
          <svg
            aria-labelledby="AppSpotlightAppImage__title-aria"
            height="23"
            role="img"
            width="200"
          >
            <title
              id="AppSpotlightAppImage__title-aria"
            >
              Loading...
            </title>
            <rect
              clip-path="url(#AppSpotlightAppImage__title-diff)"
              height="100%"
              role="presentation"
              style="fill: url(#AppSpotlightAppImage__title-animated-diff);"
              width="100%"
              x="0"
              y="0"
            />
            <defs
              role="presentation"
            >
              <clippath
                id="AppSpotlightAppImage__title-diff"
              >
                <rect
                  height="23"
                  rx="4"
                  ry="4"
                  width="160"
                  x="20"
                  y="0"
                />
              </clippath>
              <lineargradient
                id="AppSpotlightAppImage__title-animated-diff"
              >
                <stop
                  offset="0%"
                  stop-color="#F0F0F0"
                  stop-opacity="1"
                >
                  <animate
                    attributeName="offset"
                    dur="1.2s"
                    keyTimes="0; 0.25; 1"
                    repeatCount="indefinite"
                    values="-2; -2; 1"
                  />
                </stop>
                <stop
                  offset="50%"
                  stop-color="#F7F7F7"
                  stop-opacity="1"
                >
                  <animate
                    attributeName="offset"
                    dur="1.2s"
                    keyTimes="0; 0.25; 1"
                    repeatCount="indefinite"
                    values="-1; -1; 2"
                  />
                </stop>
                <stop
                  offset="100%"
                  stop-color="#F0F0F0"
                  stop-opacity="1"
                >
                  <animate
                    attributeName="offset"
                    dur="1.2s"
                    keyTimes="0; 0.25; 1"
                    repeatCount="indefinite"
                    values="0; 0; 3"
                  />
                </stop>
              </lineargradient>
            </defs>
          </svg>
        </div>
        <div
          class="AppSpotlightAppImage__marketplace"
        >
          <svg
            aria-labelledby="AppSpotlightAppImage__marketplace-aria"
            height="36"
            role="img"
            width="200"
          >
            <title
              id="AppSpotlightAppImage__marketplace-aria"
            >
              Loading...
            </title>
            <rect
              clip-path="url(#AppSpotlightAppImage__marketplace-diff)"
              height="100%"
              role="presentation"
              style="fill: url(#AppSpotlightAppImage__marketplace-animated-diff);"
              width="100%"
              x="0"
              y="0"
            />
            <defs
              role="presentation"
            >
              <clippath
                id="AppSpotlightAppImage__marketplace-diff"
              >
                <rect
                  height="36"
                  rx="4"
                  ry="4"
                  width="160"
                  x="20"
                  y="0"
                />
              </clippath>
              <lineargradient
                id="AppSpotlightAppImage__marketplace-animated-diff"
              >
                <stop
                  offset="0%"
                  stop-color="#F0F0F0"
                  stop-opacity="1"
                >
                  <animate
                    attributeName="offset"
                    dur="1.2s"
                    keyTimes="0; 0.25; 1"
                    repeatCount="indefinite"
                    values="-2; -2; 1"
                  />
                </stop>
                <stop
                  offset="50%"
                  stop-color="#F7F7F7"
                  stop-opacity="1"
                >
                  <animate
                    attributeName="offset"
                    dur="1.2s"
                    keyTimes="0; 0.25; 1"
                    repeatCount="indefinite"
                    values="-1; -1; 2"
                  />
                </stop>
                <stop
                  offset="100%"
                  stop-color="#F0F0F0"
                  stop-opacity="1"
                >
                  <animate
                    attributeName="offset"
                    dur="1.2s"
                    keyTimes="0; 0.25; 1"
                    repeatCount="indefinite"
                    values="0; 0; 3"
                  />
                </stop>
              </lineargradient>
            </defs>
          </svg>
        </div>
      </div>
      <div
        class="AppSpotlightGrantContainer"
      >
        <div
          class="AppSpotlightGrantContainer__top"
        >
          <h3
            class="Typography Typography--h3 Typography--normal AppSpotlightAppImage__top-title"
          >
            This app has been granted access to:
          </h3>
        </div>
        <svg
          aria-labelledby="AppSpotlightGrantContainer__top-aria"
          height="124"
          role="img"
          width="620"
        >
          <title
            id="AppSpotlightGrantContainer__top-aria"
          >
            Loading...
          </title>
          <rect
            clip-path="url(#AppSpotlightGrantContainer__top-diff)"
            height="100%"
            role="presentation"
            style="fill: url(#AppSpotlightGrantContainer__top-animated-diff);"
            width="100%"
            x="0"
            y="0"
          />
          <defs
            role="presentation"
          >
            <clippath
              id="AppSpotlightGrantContainer__top-diff"
            >
              <rect
                height="124"
                rx="4"
                ry="4"
                width="620"
                x="0"
                y="0"
              />
            </clippath>
            <lineargradient
              id="AppSpotlightGrantContainer__top-animated-diff"
            >
              <stop
                offset="0%"
                stop-color="#F0F0F0"
                stop-opacity="1"
              >
                <animate
                  attributeName="offset"
                  dur="1.2s"
                  keyTimes="0; 0.25; 1"
                  repeatCount="indefinite"
                  values="-2; -2; 1"
                />
              </stop>
              <stop
                offset="50%"
                stop-color="#F7F7F7"
                stop-opacity="1"
              >
                <animate
                  attributeName="offset"
                  dur="1.2s"
                  keyTimes="0; 0.25; 1"
                  repeatCount="indefinite"
                  values="-1; -1; 2"
                />
              </stop>
              <stop
                offset="100%"
                stop-color="#F0F0F0"
                stop-opacity="1"
              >
                <animate
                  attributeName="offset"
                  dur="1.2s"
                  keyTimes="0; 0.25; 1"
                  repeatCount="indefinite"
                  values="0; 0; 3"
                />
              </stop>
            </lineargradient>
          </defs>
        </svg>
      </div>
    </div>
    <div
      class="AppSpotlightGrid__wrapper"
    >
      <div
        class="Tabs AppSpotlighGrid__Tabs"
      >
        <div
          class="Tabs__tab-list AppSpotlightGrid__TabList"
        >
          <div
            class="Tabs__tab-list-scrolled"
          >
            <div
              class="Tabs__tab-list-arrow-left Tabs__tab-list-arrow-left--hidden Tabs__tab-list-arrow-default"
            >
              ‹
            </div>
            <div
              class="Tabs__tab-list-scroll-wrapper"
            >
              <div
                class="Tabs__tab-list-scroll"
                style="left: 0px;"
              >
                <div
                  aria-roledescription="tab"
                  class="Tabs__tab AppSpotlightGrid__Tab Tabs__tab--selected"
                >
                  <div
                    class="AppSpotlightGridTabItem"
                  >
                    <div
                      class="AppSpotlightGridTabItem--title"
                    >
                      Authorized By
                    </div>
                    <div
                      class="AppSpotlightGridTabItem--content"
                    >
                      <div
                        class="AppSpotlightGridTabItem--details"
                      >
                        <div
                          class="TabContentLoading"
                        >
                          <svg
                            aria-labelledby="TabContentLoading-aria"
                            height="29"
                            role="img"
                            width="79"
                          >
                            <title
                              id="TabContentLoading-aria"
                            >
                              Loading...
                            </title>
                            <rect
                              clip-path="url(#TabContentLoading-diff)"
                              height="100%"
                              role="presentation"
                              style="fill: url(#TabContentLoading-animated-diff);"
                              width="100%"
                              x="0"
                              y="0"
                            />
                            <defs
                              role="presentation"
                            >
                              <clippath
                                id="TabContentLoading-diff"
                              >
                                <rect
                                  height="29"
                                  rx="4"
                                  ry="4"
                                  width="79"
                                  x="0"
                                  y="0"
                                />
                              </clippath>
                              <lineargradient
                                id="TabContentLoading-animated-diff"
                              >
                                <stop
                                  offset="0%"
                                  stop-color="#F0F0F0"
                                  stop-opacity="1"
                                >
                                  <animate
                                    attributeName="offset"
                                    dur="1.2s"
                                    keyTimes="0; 0.25; 1"
                                    repeatCount="indefinite"
                                    values="-2; -2; 1"
                                  />
                                </stop>
                                <stop
                                  offset="50%"
                                  stop-color="#F7F7F7"
                                  stop-opacity="1"
                                >
                                  <animate
                                    attributeName="offset"
                                    dur="1.2s"
                                    keyTimes="0; 0.25; 1"
                                    repeatCount="indefinite"
                                    values="-1; -1; 2"
                                  />
                                </stop>
                                <stop
                                  offset="100%"
                                  stop-color="#F0F0F0"
                                  stop-opacity="1"
                                >
                                  <animate
                                    attributeName="offset"
                                    dur="1.2s"
                                    keyTimes="0; 0.25; 1"
                                    repeatCount="indefinite"
                                    values="0; 0; 3"
                                  />
                                </stop>
                              </lineargradient>
                            </defs>
                          </svg>
                        </div>
                      </div>
                      <div
                        class="AppSpotlightGridTabItem--chart"
                      >
                        <div
                          class="DonutChart DonutChart__auth"
                        >
                          <div
                            class="ct-chart "
                          />
                          <div
                            class="DonutChart__body"
                          >
                            <div
                              class="DonutChart__body--title"
                            >
                              <svg
                                aria-labelledby="DonutChart__body--title-aria"
                                height="20"
                                role="img"
                                width="50"
                              >
                                <title
                                  id="DonutChart__body--title-aria"
                                >
                                  Loading...
                                </title>
                                <rect
                                  clip-path="url(#DonutChart__body--title-diff)"
                                  height="100%"
                                  role="presentation"
                                  style="fill: url(#DonutChart__body--title-animated-diff);"
                                  width="100%"
                                  x="0"
                                  y="0"
                                />
                                <defs
                                  role="presentation"
                                >
                                  <clippath
                                    id="DonutChart__body--title-diff"
                                  >
                                    <rect
                                      height="20"
                                      rx="4"
                                      ry="4"
                                      width="30"
                                      x="10"
                                      y="0"
                                    />
                                  </clippath>
                                  <lineargradient
                                    id="DonutChart__body--title-animated-diff"
                                  >
                                    <stop
                                      offset="0%"
                                      stop-color="#F0F0F0"
                                      stop-opacity="1"
                                    >
                                      <animate
                                        attributeName="offset"
                                        dur="1.2s"
                                        keyTimes="0; 0.25; 1"
                                        repeatCount="indefinite"
                                        values="-2; -2; 1"
                                      />
                                    </stop>
                                    <stop
                                      offset="50%"
                                      stop-color="#F7F7F7"
                                      stop-opacity="1"
                                    >
                                      <animate
                                        attributeName="offset"
                                        dur="1.2s"
                                        keyTimes="0; 0.25; 1"
                                        repeatCount="indefinite"
                                        values="-1; -1; 2"
                                      />
                                    </stop>
                                    <stop
                                      offset="100%"
                                      stop-color="#F0F0F0"
                                      stop-opacity="1"
                                    >
                                      <animate
                                        attributeName="offset"
                                        dur="1.2s"
                                        keyTimes="0; 0.25; 1"
                                        repeatCount="indefinite"
                                        values="0; 0; 3"
                                      />
                                    </stop>
                                  </lineargradient>
                                </defs>
                              </svg>
                            </div>
                            <div
                              class="DonutChart__body--subtitle"
                            >
                              of Users
                            </div>
                          </div>
                        </div>
                      </div>
                    </div>
                  </div>
                </div>
                <div
                  aria-roledescription="tab"
                  class="Tabs__tab AppSpotlightGrid__Tab"
                >
                  <div
                    class="AppSpotlightGridTabItem"
                  >
                    <div
                      class="AppSpotlightGridTabItem--title"
                    >
                      File Downloads
                    </div>
                    <div
                      class="AppSpotlightGridTabItem--content"
                    >
                      <div
                        class="AppSpotlightGridTabItem--details"
                      >
                        <div
                          class="TabContentLoading"
                        >
                          <svg
                            aria-labelledby="TabContentLoading-aria"
                            height="29"
                            role="img"
                            width="79"
                          >
                            <title
                              id="TabContentLoading-aria"
                            >
                              Loading...
                            </title>
                            <rect
                              clip-path="url(#TabContentLoading-diff)"
                              height="100%"
                              role="presentation"
                              style="fill: url(#TabContentLoading-animated-diff);"
                              width="100%"
                              x="0"
                              y="0"
                            />
                            <defs
                              role="presentation"
                            >
                              <clippath
                                id="TabContentLoading-diff"
                              >
                                <rect
                                  height="29"
                                  rx="4"
                                  ry="4"
                                  width="79"
                                  x="0"
                                  y="0"
                                />
                              </clippath>
                              <lineargradient
                                id="TabContentLoading-animated-diff"
                              >
                                <stop
                                  offset="0%"
                                  stop-color="#F0F0F0"
                                  stop-opacity="1"
                                >
                                  <animate
                                    attributeName="offset"
                                    dur="1.2s"
                                    keyTimes="0; 0.25; 1"
                                    repeatCount="indefinite"
                                    values="-2; -2; 1"
                                  />
                                </stop>
                                <stop
                                  offset="50%"
                                  stop-color="#F7F7F7"
                                  stop-opacity="1"
                                >
                                  <animate
                                    attributeName="offset"
                                    dur="1.2s"
                                    keyTimes="0; 0.25; 1"
                                    repeatCount="indefinite"
                                    values="-1; -1; 2"
                                  />
                                </stop>
                                <stop
                                  offset="100%"
                                  stop-color="#F0F0F0"
                                  stop-opacity="1"
                                >
                                  <animate
                                    attributeName="offset"
                                    dur="1.2s"
                                    keyTimes="0; 0.25; 1"
                                    repeatCount="indefinite"
                                    values="0; 0; 3"
                                  />
                                </stop>
                              </lineargradient>
                            </defs>
                          </svg>
                        </div>
                      </div>
                      <div
                        class="AppSpotlightGridTabItem--chart"
                      >
                        <div
                          class="DonutChart DonutChart__download"
                        >
                          <div
                            class="ct-chart "
                          />
                          <div
                            class="DonutChart__body"
                          >
                            <div
                              class="DonutChart__body--title"
                            >
                              <svg
                                aria-labelledby="DonutChart__body--title-aria"
                                height="20"
                                role="img"
                                width="50"
                              >
                                <title
                                  id="DonutChart__body--title-aria"
                                >
                                  Loading...
                                </title>
                                <rect
                                  clip-path="url(#DonutChart__body--title-diff)"
                                  height="100%"
                                  role="presentation"
                                  style="fill: url(#DonutChart__body--title-animated-diff);"
                                  width="100%"
                                  x="0"
                                  y="0"
                                />
                                <defs
                                  role="presentation"
                                >
                                  <clippath
                                    id="DonutChart__body--title-diff"
                                  >
                                    <rect
                                      height="20"
                                      rx="4"
                                      ry="4"
                                      width="30"
                                      x="10"
                                      y="0"
                                    />
                                  </clippath>
                                  <lineargradient
                                    id="DonutChart__body--title-animated-diff"
                                  >
                                    <stop
                                      offset="0%"
                                      stop-color="#F0F0F0"
                                      stop-opacity="1"
                                    >
                                      <animate
                                        attributeName="offset"
                                        dur="1.2s"
                                        keyTimes="0; 0.25; 1"
                                        repeatCount="indefinite"
                                        values="-2; -2; 1"
                                      />
                                    </stop>
                                    <stop
                                      offset="50%"
                                      stop-color="#F7F7F7"
                                      stop-opacity="1"
                                    >
                                      <animate
                                        attributeName="offset"
                                        dur="1.2s"
                                        keyTimes="0; 0.25; 1"
                                        repeatCount="indefinite"
                                        values="-1; -1; 2"
                                      />
                                    </stop>
                                    <stop
                                      offset="100%"
                                      stop-color="#F0F0F0"
                                      stop-opacity="1"
                                    >
                                      <animate
                                        attributeName="offset"
                                        dur="1.2s"
                                        keyTimes="0; 0.25; 1"
                                        repeatCount="indefinite"
                                        values="0; 0; 3"
                                      />
                                    </stop>
                                  </lineargradient>
                                </defs>
                              </svg>
                            </div>
                            <div
                              class="DonutChart__body--subtitle"
                            >
                              Downloads
                            </div>
                          </div>
                        </div>
                      </div>
                    </div>
                  </div>
                </div>
                <div
                  aria-roledescription="tab"
                  class="Tabs__tab AppSpotlightGrid__Tab"
                >
                  <div
                    class="AppSpotlightGridTabItem"
                  >
                    <div
                      class="AppSpotlightGridTabItem--title"
                    >
                      Associated Risks
                    </div>
                    <div
                      class="AppSpotlightGridTabItem--content"
                    >
                      <div
                        class="AppSpotlightGridTabItem--details"
                      >
                        <div
                          class="TabContentLoading"
                        >
                          <svg
                            aria-labelledby="TabContentLoading-aria"
                            height="29"
                            role="img"
                            width="79"
                          >
                            <title
                              id="TabContentLoading-aria"
                            >
                              Loading...
                            </title>
                            <rect
                              clip-path="url(#TabContentLoading-diff)"
                              height="100%"
                              role="presentation"
                              style="fill: url(#TabContentLoading-animated-diff);"
                              width="100%"
                              x="0"
                              y="0"
                            />
                            <defs
                              role="presentation"
                            >
                              <clippath
                                id="TabContentLoading-diff"
                              >
                                <rect
                                  height="29"
                                  rx="4"
                                  ry="4"
                                  width="79"
                                  x="0"
                                  y="0"
                                />
                              </clippath>
                              <lineargradient
                                id="TabContentLoading-animated-diff"
                              >
                                <stop
                                  offset="0%"
                                  stop-color="#F0F0F0"
                                  stop-opacity="1"
                                >
                                  <animate
                                    attributeName="offset"
                                    dur="1.2s"
                                    keyTimes="0; 0.25; 1"
                                    repeatCount="indefinite"
                                    values="-2; -2; 1"
                                  />
                                </stop>
                                <stop
                                  offset="50%"
                                  stop-color="#F7F7F7"
                                  stop-opacity="1"
                                >
                                  <animate
                                    attributeName="offset"
                                    dur="1.2s"
                                    keyTimes="0; 0.25; 1"
                                    repeatCount="indefinite"
                                    values="-1; -1; 2"
                                  />
                                </stop>
                                <stop
                                  offset="100%"
                                  stop-color="#F0F0F0"
                                  stop-opacity="1"
                                >
                                  <animate
                                    attributeName="offset"
                                    dur="1.2s"
                                    keyTimes="0; 0.25; 1"
                                    repeatCount="indefinite"
                                    values="0; 0; 3"
                                  />
                                </stop>
                              </lineargradient>
                            </defs>
                          </svg>
                        </div>
                      </div>
                      <div
                        class="AppSpotlightGridTabItem--chart"
                      >
                        <div
                          class="DonutChart DonutChart__risk"
                        >
                          <div
                            class="ct-chart "
                          />
                          <div
                            class="DonutChart__body"
                          >
                            <div
                              class="DonutChart__body--title"
                            >
                              <svg
                                aria-labelledby="DonutChart__body--title-aria"
                                height="20"
                                role="img"
                                width="50"
                              >
                                <title
                                  id="DonutChart__body--title-aria"
                                >
                                  Loading...
                                </title>
                                <rect
                                  clip-path="url(#DonutChart__body--title-diff)"
                                  height="100%"
                                  role="presentation"
                                  style="fill: url(#DonutChart__body--title-animated-diff);"
                                  width="100%"
                                  x="0"
                                  y="0"
                                />
                                <defs
                                  role="presentation"
                                >
                                  <clippath
                                    id="DonutChart__body--title-diff"
                                  >
                                    <rect
                                      height="20"
                                      rx="4"
                                      ry="4"
                                      width="30"
                                      x="10"
                                      y="0"
                                    />
                                  </clippath>
                                  <lineargradient
                                    id="DonutChart__body--title-animated-diff"
                                  >
                                    <stop
                                      offset="0%"
                                      stop-color="#F0F0F0"
                                      stop-opacity="1"
                                    >
                                      <animate
                                        attributeName="offset"
                                        dur="1.2s"
                                        keyTimes="0; 0.25; 1"
                                        repeatCount="indefinite"
                                        values="-2; -2; 1"
                                      />
                                    </stop>
                                    <stop
                                      offset="50%"
                                      stop-color="#F7F7F7"
                                      stop-opacity="1"
                                    >
                                      <animate
                                        attributeName="offset"
                                        dur="1.2s"
                                        keyTimes="0; 0.25; 1"
                                        repeatCount="indefinite"
                                        values="-1; -1; 2"
                                      />
                                    </stop>
                                    <stop
                                      offset="100%"
                                      stop-color="#F0F0F0"
                                      stop-opacity="1"
                                    >
                                      <animate
                                        attributeName="offset"
                                        dur="1.2s"
                                        keyTimes="0; 0.25; 1"
                                        repeatCount="indefinite"
                                        values="0; 0; 3"
                                      />
                                    </stop>
                                  </lineargradient>
                                </defs>
                              </svg>
                            </div>
                            <div
                              class="DonutChart__body--subtitle"
                            >
                              Risks
                            </div>
                          </div>
                        </div>
                      </div>
                    </div>
                  </div>
                </div>
              </div>
            </div>
            <div
              class="Tabs__tab-list-arrow-right Tabs__tab-list-arrow-default"
            >
              ›
            </div>
          </div>
          <div
            class="Tabs__tab-list-scroll-spacer"
            style="height: 0px;"
          />
        </div>
      </div>
      <div
        class="AppSpotlightGrid__content"
      >
        <div
          class="AppSpotlightGrid__content--details"
        >
          <div
            class="AppSpotlightGrid__content--header"
          >
            <div
              class="title"
            >
              Individuals who have authorized this App
            </div>
            <div
              class="prev-chart"
            >
              <div
                class="PrevChartLoading"
              >
                <svg
                  aria-labelledby="PrevChartLoading-aria"
                  class="PrevChartLoading"
                  height="45"
                  role="img"
                  width="200"
                >
                  <title
                    id="PrevChartLoading-aria"
                  >
                    Loading...
                  </title>
                  <rect
                    clip-path="url(#PrevChartLoading-diff)"
                    height="100%"
                    role="presentation"
                    style="fill: url(#PrevChartLoading-animated-diff);"
                    width="100%"
                    x="0"
                    y="0"
                  />
                  <defs
                    role="presentation"
                  >
                    <clippath
                      id="PrevChartLoading-diff"
                    >
                      <rect
                        height="45"
                        width="200"
                        x="0"
                        y="5"
                      />
                    </clippath>
                    <lineargradient
                      id="PrevChartLoading-animated-diff"
                    >
                      <stop
                        offset="0%"
                        stop-color="#f0f0f0"
                        stop-opacity="1"
                      >
                        <animate
                          attributeName="offset"
                          dur="1.2s"
                          keyTimes="0; 0.25; 1"
                          repeatCount="indefinite"
                          values="-2; -2; 1"
                        />
                      </stop>
                      <stop
                        offset="50%"
                        stop-color="#f7f7f7"
                        stop-opacity="1"
                      >
                        <animate
                          attributeName="offset"
                          dur="1.2s"
                          keyTimes="0; 0.25; 1"
                          repeatCount="indefinite"
                          values="-1; -1; 2"
                        />
                      </stop>
                      <stop
                        offset="100%"
                        stop-color="#f0f0f0"
                        stop-opacity="1"
                      >
                        <animate
                          attributeName="offset"
                          dur="1.2s"
                          keyTimes="0; 0.25; 1"
                          repeatCount="indefinite"
                          values="0; 0; 3"
                        />
                      </stop>
                    </lineargradient>
                  </defs>
                </svg>
              </div>
            </div>
          </div>
          <div />
          <div
            class="Table TableLoading"
          >
            <svg
              aria-labelledby="table-loading-aria"
              class="TableLoading__loader"
              height="365"
              preserveAspectRatio="none"
              role="img"
            >
              <title
                id="table-loading-aria"
              >
                Loading...
              </title>
              <rect
                clip-path="url(#table-loading-diff)"
                height="100%"
                role="presentation"
                style="fill: url(#table-loading-animated-diff);"
                width="100%"
                x="0"
                y="0"
              />
              <defs
                role="presentation"
              >
                <clippath
                  id="table-loading-diff"
                >
                  <rect
                    height="52"
                    width="100%"
                    x="0"
                    y="0"
                  />
                  <rect
                    height="52"
                    width="100%"
                    x="0"
                    y="62"
                  />
                  <rect
                    height="52"
                    width="100%"
                    x="0"
                    y="124"
                  />
                  <rect
                    height="52"
                    width="100%"
                    x="0"
                    y="186"
                  />
                  <rect
                    height="52"
                    width="100%"
                    x="0"
                    y="248"
                  />
                  <rect
                    height="40"
                    width="10%"
                    x="90%"
                    y="310"
                  />
                </clippath>
                <lineargradient
                  id="table-loading-animated-diff"
                >
                  <stop
                    offset="0%"
                    stop-color="#f0f0f0"
                    stop-opacity="1"
                  >
                    <animate
                      attributeName="offset"
                      dur="1.2s"
                      keyTimes="0; 0.25; 1"
                      repeatCount="indefinite"
                      values="-2; -2; 1"
                    />
                  </stop>
                  <stop
                    offset="50%"
                    stop-color="#f7f7f7"
                    stop-opacity="1"
                  >
                    <animate
                      attributeName="offset"
                      dur="1.2s"
                      keyTimes="0; 0.25; 1"
                      repeatCount="indefinite"
                      values="-1; -1; 2"
                    />
                  </stop>
                  <stop
                    offset="100%"
                    stop-color="#f0f0f0"
                    stop-opacity="1"
                  >
                    <animate
                      attributeName="offset"
                      dur="1.2s"
                      keyTimes="0; 0.25; 1"
                      repeatCount="indefinite"
                      values="0; 0; 3"
                    />
                  </stop>
                </lineargradient>
              </defs>
            </svg>
          </div>
        </div>
      </div>
    </div>
  </div>
</div>
`;
