// Jest Snapshot v1, https://goo.gl/fbAQLP

exports[`EditFilePermissionHeader renders correctly 1`] = `
<div>
  <div
    class="EditFilePermissionHeader"
  >
    <div
      class="EditFilePermissionHeader__title EditFilePermissionHeader__title--permissions"
    >
      <a
        href="/dashboard/file/1ghSxcB-ETCezb9odJLeHJufyFrBC_cG3"
      >
        <h3
          class="Typography Typography--h3 Typography--normal EditFilePermissionHeader__filename"
        >
          Quarterly Earnings
        </h3>
      </a>
    </div>
    <div
      class="EditFilePermissionHeader__subheader EditFilePermissionHeader__subheader--permissions"
    >
      <span
        class="AppIndicator EditFilePermissionHeader__subheader--icon"
      >
        <div
          class="platform-container"
        >
          <a
            class="trigger"
            href="https://docs.google.com/document/d/1ghSxcB-ETCezb9odJLeHJufyFrBC_cG3/edit?usp=drivesdk"
            rel="noopener noreferrer"
            target="_blank"
          >
            <div>
              <div>
                <div
                  class="platform-icon-container"
                  data-testid="platform-icon"
                >
                  <img
                    alt="Google Workspace"
                    class="platform-icon"
                    src="google-logo.svg"
                    title="Google Workspace"
                  />
                </div>
              </div>
            </div>
          </a>
        </div>
      </span>
      <span
        class="EditFilePermissionHeader__file-attribute"
      >
        <span>
          Owned by:
        </span>
        <span
          class="EditFilePermissionHeader__file-attribute-value"
        >
          <a
            class="EditFilePermissionHeader__link"
            href="/dashboard/spotlight/test%40email.com"
          >
            Test User
          </a>
        </span>
      </span>
      <span
        class="EditFilePermissionHeader__file-attribute"
      >
        <span>
          Created:
        </span>
        <time
          class="EditFilePermissionHeader__file-attribute-value"
          datetime="1504170378000"
        >
          Aug 31, 2017
        </time>
      </span>
      <span
        class="EditFilePermissionHeader__file-attribute"
      >
        <span>
          Last Modified:
        </span>
        <time
          class="EditFilePermissionHeader__file-attribute-value"
          datetime="1534150370000"
        >
          Aug 13, 2018
        </time>
      </span>
    </div>
  </div>
</div>
`;
