// Jest Snapshot v1, https://goo.gl/fbAQLP

exports[`AppSpotlightAppScopes renders correctly 1`] = `
<div>
  <ul
    class="AppSpotlightAppScopes"
  >
    <li>
      openid
    </li>
    <li>
      https://www.googleapis.com/auth/youtubepartner
    </li>
    <li>
      https://www.googleapis.com/auth/youtube.upload
    </li>
    <li>
      https://www.googleapis.com/auth/youtube.tve
    </li>
    <li>
      https://www.googleapis.com/auth/youtube-paid-content
    </li>
    <li>
      https://www.googleapis.com/auth/youtube
    </li>
    <li>
      https://www.googleapis.com/auth/userinfo.profile
    </li>
    <li>
      https://www.googleapis.com/auth/userinfo.email
    </li>
    <li>
      https://www.googleapis.com/auth/userinfo#email
    </li>
    <li>
      https://www.googleapis.com/auth/user.phonenumbers.read
    </li>
    <li>
      https://www.googleapis.com/auth/user.emails.read
    </li>
    <li>
      https://www.googleapis.com/auth/user.birthday.read
    </li>
    <li>
      https://www.googleapis.com/auth/urlshortener
    </li>
    <li>
      https://www.googleapis.com/auth/tasks
    </li>
    <li>
      https://www.googleapis.com/auth/sqlservice.admin
    </li>
    <li>
      https://www.googleapis.com/auth/sqlservice
    </li>
    <li>
      https://www.googleapis.com/auth/spreadsheets.readonly
    </li>
    <li>
      https://www.googleapis.com/auth/spreadsheets.currentonly
    </li>
    <li>
      https://www.googleapis.com/auth/spreadsheets
    </li>
    <li>
      https://www.googleapis.com/auth/siteverification
    </li>
    <li>
      https://www.googleapis.com/auth/script.webapp.deploy
    </li>
    <li>
      https://www.googleapis.com/auth/script.storage
    </li>
    <li>
      https://www.googleapis.com/auth/script.send_mail
    </li>
    <li>
      https://www.googleapis.com/auth/script.scriptapp
    </li>
    <li>
      https://www.googleapis.com/auth/script.locale
    </li>
    <li>
      https://www.googleapis.com/auth/script.external_request
    </li>
    <li>
      https://www.googleapis.com/auth/script.container.ui
    </li>
    <li>
      https://www.googleapis.com/auth/pubsub
    </li>
    <li>
      https://www.googleapis.com/auth/profile.emails.read
    </li>
    <li>
      https://www.googleapis.com/auth/presentations.currentonly
    </li>
    <li>
      https://www.googleapis.com/auth/presentations
    </li>
    <li>
      https://www.googleapis.com/auth/plus.profile.language.read
    </li>
    <li>
      https://www.googleapis.com/auth/plus.profile.emails.read
    </li>
    <li>
      https://www.googleapis.com/auth/plus.profile.agerange.read
    </li>
    <li>
      https://www.googleapis.com/auth/plus.me
    </li>
    <li>
      https://www.googleapis.com/auth/photoslibrary.readonly
    </li>
    <li>
      https://www.googleapis.com/auth/photos
    </li>
    <li>
      https://www.googleapis.com/auth/peopleapi.readonly
    </li>
    <li>
      https://www.googleapis.com/auth/payments.video_purchase
    </li>
    <li>
      https://www.googleapis.com/auth/payments.make_payments
    </li>
    <li>
      https://www.googleapis.com/auth/monitoring.write
    </li>
    <li>
      https://www.googleapis.com/auth/monitoring.read
    </li>
    <li>
      https://www.googleapis.com/auth/monitoring
    </li>
    <li>
      https://www.googleapis.com/auth/meetings
    </li>
    <li>
      https://www.googleapis.com/auth/logging.write
    </li>
    <li>
      https://www.googleapis.com/auth/logging.read
    </li>
    <li>
      https://www.googleapis.com/auth/logging.admin
    </li>
    <li>
      https://www.googleapis.com/auth/iam.test
    </li>
    <li>
      https://www.googleapis.com/auth/hangout.participants
    </li>
    <li>
      https://www.googleapis.com/auth/hangout.av
    </li>
    <li>
      https://www.googleapis.com/auth/groups
    </li>
    <li>
      https://www.googleapis.com/auth/googletalk
    </li>
    <li>
      https://www.googleapis.com/auth/gmail.settings.sharing
    </li>
    <li>
      https://www.googleapis.com/auth/gmail.settings.basic
    </li>
    <li>
      https://www.googleapis.com/auth/gmail.send
    </li>
    <li>
      https://www.googleapis.com/auth/gmail.readonly
    </li>
    <li>
      https://www.googleapis.com/auth/gmail.modify
    </li>
    <li>
      https://www.googleapis.com/auth/gmail.labels
    </li>
    <li>
      https://www.googleapis.com/auth/gmail.insert
    </li>
    <li>
      https://www.googleapis.com/auth/gmail.compose
    </li>
    <li>
      https://www.googleapis.com/auth/gmail.addons.execute
    </li>
    <li>
      https://www.googleapis.com/auth/gmail.addons.current.message.readonly
    </li>
    <li>
      https://www.googleapis.com/auth/gmail.addons.current.message.metadata
    </li>
    <li>
      https://www.googleapis.com/auth/gmail.addons.current.message.action
    </li>
    <li>
      https://www.googleapis.com/auth/gmail.addons.current.action.compose
    </li>
    <li>
      https://www.googleapis.com/auth/gerritcodereview
    </li>
    <li>
      https://www.googleapis.com/auth/forms.currentonly
    </li>
    <li>
      https://www.googleapis.com/auth/forms
    </li>
    <li>
      https://www.googleapis.com/auth/flexible-api
    </li>
    <li>
      https://www.googleapis.com/auth/firebase.messaging
    </li>
    <li>
      https://www.googleapis.com/auth/firebase
    </li>
    <li>
      https://www.googleapis.com/auth/ediscovery
    </li>
    <li>
      https://www.googleapis.com/auth/drive.readonly.metadata
    </li>
    <li>
      https://www.googleapis.com/auth/drive.readonly
    </li>
    <li>
      https://www.googleapis.com/auth/drive.photos.readonly
    </li>
    <li>
      https://www.googleapis.com/auth/drive.metadata.readonly
    </li>
    <li>
      https://www.googleapis.com/auth/drive.metadata
    </li>
    <li>
      https://www.googleapis.com/auth/drive.install
    </li>
    <li>
      https://www.googleapis.com/auth/drive.file
    </li>
    <li>
      https://www.googleapis.com/auth/drive.apps.readonly
    </li>
    <li>
      https://www.googleapis.com/auth/drive.appfolder
    </li>
    <li>
      https://www.googleapis.com/auth/drive.appdata
    </li>
    <li>
      https://www.googleapis.com/auth/drive.activity
    </li>
    <li>
      https://www.googleapis.com/auth/drive
    </li>
    <li>
      https://www.googleapis.com/auth/documents.readonly
    </li>
    <li>
      https://www.googleapis.com/auth/documents.currentonly
    </li>
    <li>
      https://www.googleapis.com/auth/documents
    </li>
    <li>
      https://www.googleapis.com/auth/docs.test
    </li>
    <li>
      https://www.googleapis.com/auth/docs
    </li>
    <li>
      https://www.googleapis.com/auth/devstorage.read_write
    </li>
    <li>
      https://www.googleapis.com/auth/devstorage.read_only
    </li>
    <li>
      https://www.googleapis.com/auth/devstorage.full_control
    </li>
    <li>
      https://www.googleapis.com/auth/contactstore.readonly
    </li>
    <li>
      https://www.googleapis.com/auth/contacts.readonly
    </li>
    <li>
      https://www.googleapis.com/auth/contacts
    </li>
    <li>
      https://www.googleapis.com/auth/compute.readonly
    </li>
    <li>
      https://www.googleapis.com/auth/compute
    </li>
    <li>
      https://www.googleapis.com/auth/codejam
    </li>
    <li>
      https://www.googleapis.com/auth/cloudprint
    </li>
    <li>
      https://www.googleapis.com/auth/cloud-platform.read-only
    </li>
    <li>
      https://www.googleapis.com/auth/cloud-platform
    </li>
    <li>
      https://www.googleapis.com/auth/classroom.topics
    </li>
    <li>
      https://www.googleapis.com/auth/classroom.rosters
    </li>
    <li>
      https://www.googleapis.com/auth/classroom.profile.photos
    </li>
    <li>
      https://www.googleapis.com/auth/classroom.profile.emails
    </li>
    <li>
      https://www.googleapis.com/auth/classroom.guardianlinks.students
    </li>
    <li>
      https://www.googleapis.com/auth/classroom.coursework.students
    </li>
    <li>
      https://www.googleapis.com/auth/classroom.coursework.me
    </li>
    <li>
      https://www.googleapis.com/auth/classroom.courses
    </li>
    <li>
      https://www.googleapis.com/auth/classroom.announcements
    </li>
    <li>
      https://www.googleapis.com/auth/chromewebstore
    </li>
    <li>
      https://www.googleapis.com/auth/carpool
    </li>
    <li>
      https://www.googleapis.com/auth/carddav
    </li>
    <li>
      https://www.googleapis.com/auth/calendar.settings.readonly
    </li>
    <li>
      https://www.googleapis.com/auth/calendar.readonly
    </li>
    <li>
      https://www.googleapis.com/auth/calendar.events.readonly
    </li>
    <li>
      https://www.googleapis.com/auth/calendar.events
    </li>
    <li>
      https://www.googleapis.com/auth/calendar.addons.execute
    </li>
    <li>
      https://www.googleapis.com/auth/calendar
    </li>
    <li>
      https://www.googleapis.com/auth/bigquery.readonly
    </li>
    <li>
      https://www.googleapis.com/auth/bigquery.insertdata
    </li>
    <li>
      https://www.googleapis.com/auth/bigquery
    </li>
    <li>
      https://www.googleapis.com/auth/apps.order
    </li>
    <li>
      https://www.googleapis.com/auth/apps.licensing
    </li>
    <li>
      https://www.googleapis.com/auth/apps.groups.settings
    </li>
    <li>
      https://www.googleapis.com/auth/apps.groups.migration
    </li>
    <li>
      https://www.googleapis.com/auth/android_video
    </li>
    <li>
      https://www.googleapis.com/auth/analytics.readonly
    </li>
    <li>
      https://www.googleapis.com/auth/analytics.edit
    </li>
    <li>
      https://www.googleapis.com/auth/admin.reports.usage.readonly
    </li>
    <li>
      https://www.googleapis.com/auth/admin.reports.audit.readonly
    </li>
    <li>
      https://www.googleapis.com/auth/admin.directory.userschema.readonly
    </li>
    <li>
      https://www.googleapis.com/auth/admin.directory.userschema
    </li>
    <li>
      https://www.googleapis.com/auth/admin.directory.user.security
    </li>
    <li>
      https://www.googleapis.com/auth/admin.directory.user.readonly
    </li>
    <li>
      https://www.googleapis.com/auth/admin.directory.user.alias
    </li>
    <li>
      https://www.googleapis.com/auth/admin.directory.user
    </li>
    <li>
      https://www.googleapis.com/auth/admin.directory.rolemanagement
    </li>
    <li>
      https://www.googleapis.com/auth/admin.directory.resource.calendar.readonly
    </li>
    <li>
      https://www.googleapis.com/auth/admin.directory.resource.calendar
    </li>
    <li>
      https://www.googleapis.com/auth/admin.directory.orgunit
    </li>
    <li>
      https://www.googleapis.com/auth/admin.directory.notifications
    </li>
    <li>
      https://www.googleapis.com/auth/admin.directory.group.readonly
    </li>
    <li>
      https://www.googleapis.com/auth/admin.directory.group.member.readonly
    </li>
    <li>
      https://www.googleapis.com/auth/admin.directory.group.member
    </li>
    <li>
      https://www.googleapis.com/auth/admin.directory.group
    </li>
    <li>
      https://www.googleapis.com/auth/admin.directory.domain.readonly
    </li>
    <li>
      https://www.googleapis.com/auth/admin.directory.domain
    </li>
    <li>
      https://www.googleapis.com/auth/admin.directory.device.mobile.action
    </li>
    <li>
      https://www.googleapis.com/auth/admin.directory.device.mobile
    </li>
    <li>
      https://www.googleapis.com/auth/admin.directory.device.chromeos.readonly
    </li>
    <li>
      https://www.googleapis.com/auth/admin.directory.device.chromeos
    </li>
    <li>
      https://www.googleapis.com/auth/admin.directory.customer.readonly
    </li>
    <li>
      https://www.googleapis.com/auth/admin.directory.customer
    </li>
    <li>
      https://www.googleapis.com/auth/admin.datatransfer
    </li>
    <li>
      https://www.googleapis.com/auth/activity
    </li>
    <li>
      https://www.googleapis.com/auth/actions.builder
    </li>
    <li>
      https://www.googleapis.com/auth/accounts.reauth
    </li>
    <li>
      https://www.google.com/m8/feeds
    </li>
    <li>
      https://www.google.com/hosted/services/v1.0/reports/ReportingData
    </li>
    <li>
      https://www.google.com/calendar/feeds/
    </li>
    <li>
      https://www.google.com/analytics/feeds/
    </li>
    <li>
      https://www.google.com/accounts/OAuthLogin
    </li>
    <li>
      https://spreadsheets.google.com/feeds/
    </li>
    <li>
      https://sites.google.com/feeds
    </li>
    <li>
      https://picasaweb.google.com/data/
    </li>
    <li>
      https://photos.googleapis.com/data/
    </li>
    <li>
      https://mail.google.com/
    </li>
    <li>
      https://docs.googleusercontent.com/
    </li>
    <li>
      https://docs.google.com/feeds/
    </li>
    <li>
      https://apps-apis.google.com/a/feeds/user/
    </li>
    <li>
      https://apps-apis.google.com/a/feeds/policies/
    </li>
    <li>
      https://apps-apis.google.com/a/feeds/groups/
    </li>
    <li>
      https://apps-apis.google.com/a/feeds/emailsettings/2.0/
    </li>
    <li>
      https://apps-apis.google.com/a/feeds/domain/
    </li>
    <li>
      https://apps-apis.google.com/a/feeds/compliance/audit/
    </li>
    <li>
      https://apps-apis.google.com/a/feeds/calendar/resource/
    </li>
    <li>
      https://apps-apis.google.com/a/feeds/alias/
    </li>
  </ul>
</div>
`;
