// Jest Snapshot v1, https://goo.gl/fbAQLP

exports[`DashboardRiskTileLoading renders correctly 1`] = `
<div>
  <div
    class="DashboardRiskTile DashboardRiskTileLoading"
  >
    <svg
      aria-labelledby="DashboardRiskTileLoading__title-aria"
      class="DashboardRiskTileLoading__title"
      height="50"
      role="img"
    >
      <title
        id="DashboardRiskTileLoading__title-aria"
      >
        Loading...
      </title>
      <rect
        clip-path="url(#DashboardRiskTileLoading__title-diff)"
        height="100%"
        role="presentation"
        style="fill: url(#DashboardRiskTileLoading__title-animated-diff);"
        width="100%"
        x="0"
        y="0"
      />
      <defs
        role="presentation"
      >
        <clippath
          id="DashboardRiskTileLoading__title-diff"
        >
          <rect
            height="50"
            width="100%"
            x="0"
            y="0"
          />
        </clippath>
        <lineargradient
          id="DashboardRiskTileLoading__title-animated-diff"
        >
          <stop
            offset="0%"
            stop-color="#eeeeee"
            stop-opacity="1"
          >
            <animate
              attributeName="offset"
              dur="1.2s"
              keyTimes="0; 0.25; 1"
              repeatCount="indefinite"
              values="-2; -2; 1"
            />
          </stop>
          <stop
            offset="50%"
            stop-color="#fdfdfd"
            stop-opacity="1"
          >
            <animate
              attributeName="offset"
              dur="1.2s"
              keyTimes="0; 0.25; 1"
              repeatCount="indefinite"
              values="-1; -1; 2"
            />
          </stop>
          <stop
            offset="100%"
            stop-color="#eeeeee"
            stop-opacity="1"
          >
            <animate
              attributeName="offset"
              dur="1.2s"
              keyTimes="0; 0.25; 1"
              repeatCount="indefinite"
              values="0; 0; 3"
            />
          </stop>
        </lineargradient>
      </defs>
    </svg>
    <div
      class="DashboardRiskTileLoading__top"
    >
      <svg
        aria-labelledby="DashboardRiskTileLoading__avatar-aria"
        class="DashboardRiskTileLoading__avatar"
        height="30"
        role="img"
        width="30"
      >
        <title
          id="DashboardRiskTileLoading__avatar-aria"
        >
          Loading...
        </title>
        <rect
          clip-path="url(#DashboardRiskTileLoading__avatar-diff)"
          height="100%"
          role="presentation"
          style="fill: url(#DashboardRiskTileLoading__avatar-animated-diff);"
          width="100%"
          x="0"
          y="0"
        />
        <defs
          role="presentation"
        >
          <clippath
            id="DashboardRiskTileLoading__avatar-diff"
          >
            <circle
              cx="20"
              cy="20"
              r="20"
            />
          </clippath>
          <lineargradient
            id="DashboardRiskTileLoading__avatar-animated-diff"
          >
            <stop
              offset="0%"
              stop-color="#eeeeee"
              stop-opacity="1"
            >
              <animate
                attributeName="offset"
                dur="1.2s"
                keyTimes="0; 0.25; 1"
                repeatCount="indefinite"
                values="-2; -2; 1"
              />
            </stop>
            <stop
              offset="50%"
              stop-color="#fdfdfd"
              stop-opacity="1"
            >
              <animate
                attributeName="offset"
                dur="1.2s"
                keyTimes="0; 0.25; 1"
                repeatCount="indefinite"
                values="-1; -1; 2"
              />
            </stop>
            <stop
              offset="100%"
              stop-color="#eeeeee"
              stop-opacity="1"
            >
              <animate
                attributeName="offset"
                dur="1.2s"
                keyTimes="0; 0.25; 1"
                repeatCount="indefinite"
                values="0; 0; 3"
              />
            </stop>
          </lineargradient>
        </defs>
      </svg>
      <svg
        aria-labelledby="DashboardRiskTileLoading__desc-aria"
        class="DashboardRiskTileLoading__desc"
        height="30"
        role="img"
      >
        <title
          id="DashboardRiskTileLoading__desc-aria"
        >
          Loading...
        </title>
        <rect
          clip-path="url(#DashboardRiskTileLoading__desc-diff)"
          height="100%"
          role="presentation"
          style="fill: url(#DashboardRiskTileLoading__desc-animated-diff);"
          width="100%"
          x="0"
          y="0"
        />
        <defs
          role="presentation"
        >
          <clippath
            id="DashboardRiskTileLoading__desc-diff"
          >
            <rect
              height="40"
              width="100%"
              x="0"
              y="0"
            />
          </clippath>
          <lineargradient
            id="DashboardRiskTileLoading__desc-animated-diff"
          >
            <stop
              offset="0%"
              stop-color="#eeeeee"
              stop-opacity="1"
            >
              <animate
                attributeName="offset"
                dur="1.2s"
                keyTimes="0; 0.25; 1"
                repeatCount="indefinite"
                values="-2; -2; 1"
              />
            </stop>
            <stop
              offset="50%"
              stop-color="#fdfdfd"
              stop-opacity="1"
            >
              <animate
                attributeName="offset"
                dur="1.2s"
                keyTimes="0; 0.25; 1"
                repeatCount="indefinite"
                values="-1; -1; 2"
              />
            </stop>
            <stop
              offset="100%"
              stop-color="#eeeeee"
              stop-opacity="1"
            >
              <animate
                attributeName="offset"
                dur="1.2s"
                keyTimes="0; 0.25; 1"
                repeatCount="indefinite"
                values="0; 0; 3"
              />
            </stop>
          </lineargradient>
        </defs>
      </svg>
    </div>
    <svg
      aria-labelledby="DashboardRiskTileLoading__button-aria"
      class="DashboardRiskTileLoading__button"
      height="67"
      role="img"
    >
      <title
        id="DashboardRiskTileLoading__button-aria"
      >
        Loading...
      </title>
      <rect
        clip-path="url(#DashboardRiskTileLoading__button-diff)"
        height="100%"
        role="presentation"
        style="fill: url(#DashboardRiskTileLoading__button-animated-diff);"
        width="100%"
        x="0"
        y="0"
      />
      <defs
        role="presentation"
      >
        <clippath
          id="DashboardRiskTileLoading__button-diff"
        >
          <rect
            height="67"
            width="100%"
            x="0"
            y="0"
          />
        </clippath>
        <lineargradient
          id="DashboardRiskTileLoading__button-animated-diff"
        >
          <stop
            offset="0%"
            stop-color="#eeeeee"
            stop-opacity="1"
          >
            <animate
              attributeName="offset"
              dur="1.2s"
              keyTimes="0; 0.25; 1"
              repeatCount="indefinite"
              values="-2; -2; 1"
            />
          </stop>
          <stop
            offset="50%"
            stop-color="#fdfdfd"
            stop-opacity="1"
          >
            <animate
              attributeName="offset"
              dur="1.2s"
              keyTimes="0; 0.25; 1"
              repeatCount="indefinite"
              values="-1; -1; 2"
            />
          </stop>
          <stop
            offset="100%"
            stop-color="#eeeeee"
            stop-opacity="1"
          >
            <animate
              attributeName="offset"
              dur="1.2s"
              keyTimes="0; 0.25; 1"
              repeatCount="indefinite"
              values="0; 0; 3"
            />
          </stop>
        </lineargradient>
      </defs>
    </svg>
  </div>
</div>
`;
