// Jest Snapshot v1, https://goo.gl/fbAQLP

exports[`SingleFileCell renders correctly 1`] = `
<div>
  <div
    class="SingleFileCell"
  >
    <div
      class="SingleFileCell__title-container"
    >
      <div
        class="SingleFileCell__icon-container"
      >
        <div
          class="SingleFileCell__spacer-05"
        />
        <div
          class="SingleFileCell__spacer-05"
        >
          <div
            class="platform-container"
          >
            <div
              class="trigger"
            >
              <div>
                <div
                  class="platform-icon-container"
                  data-testid="platform-icon"
                >
                  <img
                    alt="Google Workspace"
                    class="platform-icon"
                    src="google-logo.svg"
                    title="Google Workspace"
                  />
                </div>
              </div>
            </div>
          </div>
        </div>
        <div
          class="file_icon_container"
        >
          <div
            class="trigger"
          />
        </div>
      </div>
      <div
        class="SingleFileCell__folder-container"
      >
        <div>
          <a
            class="SingleFileCell__link"
            href="/dashboard/file/1ghSxcB-ETCezb9odJLeHJufyFrBC_cG3?owner=test@email.com&selection=timeline&platformId=gsuite"
          >
            Quarterly Earnings
          </a>
        </div>
      </div>
    </div>
  </div>
</div>
`;
