// Jest Snapshot v1, https://goo.gl/fbAQLP

exports[`General rendering renders correctly 1`] = `
<div>
  <div
    class="DashboardRiskSummary"
  >
    <div
      class="DashboardGrid"
    >
      <h3
        class="Typography Typography--h3 SectionTitle"
      >
        Risk Summary
      </h3>
      <div
        class="DashboardGrid__main"
      >
        <div
          class="DashboardCards"
        >
          <div
            class="DashboardCards__card DashboardCards__card--active"
          >
            <svg
              aria-labelledby="DashboardCards__card-value-aria"
              class="DashboardCards__card-value"
              height="90"
              role="img"
            >
              <title
                id="DashboardCards__card-value-aria"
              >
                Loading...
              </title>
              <rect
                clip-path="url(#DashboardCards__card-value-diff)"
                height="100%"
                role="presentation"
                style="fill: url(#DashboardCards__card-value-animated-diff);"
                width="100%"
                x="0"
                y="0"
              />
              <defs
                role="presentation"
              >
                <clippath
                  id="DashboardCards__card-value-diff"
                >
                  <rect
                    height="90"
                    width="100%"
                    x="0"
                    y="0"
                  />
                </clippath>
                <lineargradient
                  id="DashboardCards__card-value-animated-diff"
                >
                  <stop
                    offset="0%"
                    stop-color="#cce8fe"
                    stop-opacity="1"
                  >
                    <animate
                      attributeName="offset"
                      dur="1.2s"
                      keyTimes="0; 0.25; 1"
                      repeatCount="indefinite"
                      values="-2; -2; 1"
                    />
                  </stop>
                  <stop
                    offset="50%"
                    stop-color="#e5f3fe"
                    stop-opacity="1"
                  >
                    <animate
                      attributeName="offset"
                      dur="1.2s"
                      keyTimes="0; 0.25; 1"
                      repeatCount="indefinite"
                      values="-1; -1; 2"
                    />
                  </stop>
                  <stop
                    offset="100%"
                    stop-color="#cce8fe"
                    stop-opacity="1"
                  >
                    <animate
                      attributeName="offset"
                      dur="1.2s"
                      keyTimes="0; 0.25; 1"
                      repeatCount="indefinite"
                      values="0; 0; 3"
                    />
                  </stop>
                </lineargradient>
              </defs>
            </svg>
            <span
              class="Typography Typography--label DashboardCards__card-label"
            >
              Sharing Risks
            </span>
          </div>
          <div
            class="DashboardCards__card"
          >
            <svg
              aria-labelledby="DashboardCards__card-value-aria"
              class="DashboardCards__card-value"
              height="90"
              role="img"
            >
              <title
                id="DashboardCards__card-value-aria"
              >
                Loading...
              </title>
              <rect
                clip-path="url(#DashboardCards__card-value-diff)"
                height="100%"
                role="presentation"
                style="fill: url(#DashboardCards__card-value-animated-diff);"
                width="100%"
                x="0"
                y="0"
              />
              <defs
                role="presentation"
              >
                <clippath
                  id="DashboardCards__card-value-diff"
                >
                  <rect
                    height="90"
                    width="100%"
                    x="0"
                    y="0"
                  />
                </clippath>
                <lineargradient
                  id="DashboardCards__card-value-animated-diff"
                >
                  <stop
                    offset="0%"
                    stop-color="#cce8fe"
                    stop-opacity="1"
                  >
                    <animate
                      attributeName="offset"
                      dur="1.2s"
                      keyTimes="0; 0.25; 1"
                      repeatCount="indefinite"
                      values="-2; -2; 1"
                    />
                  </stop>
                  <stop
                    offset="50%"
                    stop-color="#e5f3fe"
                    stop-opacity="1"
                  >
                    <animate
                      attributeName="offset"
                      dur="1.2s"
                      keyTimes="0; 0.25; 1"
                      repeatCount="indefinite"
                      values="-1; -1; 2"
                    />
                  </stop>
                  <stop
                    offset="100%"
                    stop-color="#cce8fe"
                    stop-opacity="1"
                  >
                    <animate
                      attributeName="offset"
                      dur="1.2s"
                      keyTimes="0; 0.25; 1"
                      repeatCount="indefinite"
                      values="0; 0; 3"
                    />
                  </stop>
                </lineargradient>
              </defs>
            </svg>
            <span
              class="Typography Typography--label DashboardCards__card-label"
            >
              Relationship Risks
            </span>
          </div>
          <div
            class="DashboardCards__card"
          >
            <svg
              aria-labelledby="DashboardCards__card-value-aria"
              class="DashboardCards__card-value"
              height="90"
              role="img"
            >
              <title
                id="DashboardCards__card-value-aria"
              >
                Loading...
              </title>
              <rect
                clip-path="url(#DashboardCards__card-value-diff)"
                height="100%"
                role="presentation"
                style="fill: url(#DashboardCards__card-value-animated-diff);"
                width="100%"
                x="0"
                y="0"
              />
              <defs
                role="presentation"
              >
                <clippath
                  id="DashboardCards__card-value-diff"
                >
                  <rect
                    height="90"
                    width="100%"
                    x="0"
                    y="0"
                  />
                </clippath>
                <lineargradient
                  id="DashboardCards__card-value-animated-diff"
                >
                  <stop
                    offset="0%"
                    stop-color="#cce8fe"
                    stop-opacity="1"
                  >
                    <animate
                      attributeName="offset"
                      dur="1.2s"
                      keyTimes="0; 0.25; 1"
                      repeatCount="indefinite"
                      values="-2; -2; 1"
                    />
                  </stop>
                  <stop
                    offset="50%"
                    stop-color="#e5f3fe"
                    stop-opacity="1"
                  >
                    <animate
                      attributeName="offset"
                      dur="1.2s"
                      keyTimes="0; 0.25; 1"
                      repeatCount="indefinite"
                      values="-1; -1; 2"
                    />
                  </stop>
                  <stop
                    offset="100%"
                    stop-color="#cce8fe"
                    stop-opacity="1"
                  >
                    <animate
                      attributeName="offset"
                      dur="1.2s"
                      keyTimes="0; 0.25; 1"
                      repeatCount="indefinite"
                      values="0; 0; 3"
                    />
                  </stop>
                </lineargradient>
              </defs>
            </svg>
            <span
              class="Typography Typography--label DashboardCards__card-label"
            >
              Activity Risks
            </span>
          </div>
          <div
            class="DashboardCards__card"
          >
            <svg
              aria-labelledby="DashboardCards__card-value-aria"
              class="DashboardCards__card-value"
              height="90"
              role="img"
            >
              <title
                id="DashboardCards__card-value-aria"
              >
                Loading...
              </title>
              <rect
                clip-path="url(#DashboardCards__card-value-diff)"
                height="100%"
                role="presentation"
                style="fill: url(#DashboardCards__card-value-animated-diff);"
                width="100%"
                x="0"
                y="0"
              />
              <defs
                role="presentation"
              >
                <clippath
                  id="DashboardCards__card-value-diff"
                >
                  <rect
                    height="90"
                    width="100%"
                    x="0"
                    y="0"
                  />
                </clippath>
                <lineargradient
                  id="DashboardCards__card-value-animated-diff"
                >
                  <stop
                    offset="0%"
                    stop-color="#cce8fe"
                    stop-opacity="1"
                  >
                    <animate
                      attributeName="offset"
                      dur="1.2s"
                      keyTimes="0; 0.25; 1"
                      repeatCount="indefinite"
                      values="-2; -2; 1"
                    />
                  </stop>
                  <stop
                    offset="50%"
                    stop-color="#e5f3fe"
                    stop-opacity="1"
                  >
                    <animate
                      attributeName="offset"
                      dur="1.2s"
                      keyTimes="0; 0.25; 1"
                      repeatCount="indefinite"
                      values="-1; -1; 2"
                    />
                  </stop>
                  <stop
                    offset="100%"
                    stop-color="#cce8fe"
                    stop-opacity="1"
                  >
                    <animate
                      attributeName="offset"
                      dur="1.2s"
                      keyTimes="0; 0.25; 1"
                      repeatCount="indefinite"
                      values="0; 0; 3"
                    />
                  </stop>
                </lineargradient>
              </defs>
            </svg>
            <span
              class="Typography Typography--label DashboardCards__card-label"
            >
              Informational Risks
            </span>
          </div>
        </div>
        <div
          class="RiskTypesList"
        >
          <div
            class="RiskTypesList__table"
          >
            <div
              class="RiskTypesList__headers"
            >
              <div
                class="Typography Typography--body-small Typography--bold Typography--uppercase RiskTypesList__heading-cell RiskTypesList--severity-column"
              >
                Risk severity
              </div>
              <div
                class="Typography Typography--body-small Typography--bold Typography--uppercase RiskTypesList__heading-cell RiskTypesList--type-column"
              >
                Risk type
              </div>
              <div
                class="Typography Typography--body-small Typography--bold Typography--uppercase RiskTypesList__heading-cell RiskTypesList--count-column"
              >
                Risk count
              </div>
              <div
                class="RiskTypesList__heading-cell RiskTypesList--actions-column"
              />
            </div>
            <div
              class="RiskTypesList__rows"
            >
              <svg
                aria-labelledby="RiskTypesList__loader-aria"
                class="RiskTypesList__loader"
                height="172"
                role="img"
              >
                <title
                  id="RiskTypesList__loader-aria"
                >
                  Loading...
                </title>
                <rect
                  clip-path="url(#RiskTypesList__loader-diff)"
                  height="100%"
                  role="presentation"
                  style="fill: url(#RiskTypesList__loader-animated-diff);"
                  width="100%"
                  x="0"
                  y="0"
                />
                <defs
                  role="presentation"
                >
                  <clippath
                    id="RiskTypesList__loader-diff"
                  >
                    <rect
                      height="30"
                      width="100%"
                      x="0"
                      y="15"
                    />
                    <rect
                      height="30"
                      width="100%"
                      x="0"
                      y="76"
                    />
                    <rect
                      height="30"
                      width="100%"
                      x="0"
                      y="137"
                    />
                  </clippath>
                  <lineargradient
                    id="RiskTypesList__loader-animated-diff"
                  >
                    <stop
                      offset="0%"
                      stop-color="#eeeeee"
                      stop-opacity="1"
                    >
                      <animate
                        attributeName="offset"
                        dur="1.2s"
                        keyTimes="0; 0.25; 1"
                        repeatCount="indefinite"
                        values="-2; -2; 1"
                      />
                    </stop>
                    <stop
                      offset="50%"
                      stop-color="#fdfdfd"
                      stop-opacity="1"
                    >
                      <animate
                        attributeName="offset"
                        dur="1.2s"
                        keyTimes="0; 0.25; 1"
                        repeatCount="indefinite"
                        values="-1; -1; 2"
                      />
                    </stop>
                    <stop
                      offset="100%"
                      stop-color="#eeeeee"
                      stop-opacity="1"
                    >
                      <animate
                        attributeName="offset"
                        dur="1.2s"
                        keyTimes="0; 0.25; 1"
                        repeatCount="indefinite"
                        values="0; 0; 3"
                      />
                    </stop>
                  </lineargradient>
                </defs>
              </svg>
            </div>
          </div>
        </div>
      </div>
    </div>
  </div>
</div>
`;
