// Jest Snapshot v1, https://goo.gl/fbAQLP

exports[`AppSpotlight renders correctly 1`] = `
<div>
  <div
    class="ModalPage"
  >
    <div
      class="AppSpotlight"
    >
      <div
        class="Actionbar"
      >
        <div
          class="Typography Typography--h4 Typography--normal Actionbar__title-wrapper"
        >
          <div
            class="Breadcrumb"
          >
            <svg
              class="Icon"
              height="18px"
              version="1.1"
              viewBox="0 0 14 18"
              width="14px"
              xmlns="http://www.w3.org/2000/svg"
            >
              <path
                d="M4.804 0c-1.63 0-2.956 1.345-2.956 3 0 1.654 1.326 3 2.956 3s2.957-1.346 2.957-3c0-1.655-1.326-3-2.957-3M.37 6.75v.375c0 2.665.94 4.777 2.587 5.837V18h3.695v-5.038C8.3 11.902 9.24 9.79 9.24 7.125V6.75H.37z"
              />
              <g>
                <path
                  d="M9.8 14c-1.158 0-2.1-.748-2.1-1.667s.942-1.666 2.1-1.666c1.158 0 2.1.747 2.1 1.666 0 .92-.942 1.667-2.1 1.667m4.097 1.488l-1.389-1.19-.499-.429c.37-.406.591-.915.591-1.469 0-1.323-1.256-2.4-2.8-2.4C8.256 10 7 11.077 7 12.4c0 1.324 1.256 2.4 2.8 2.4.646 0 1.24-.19 1.714-.506l.5.427 1.389 1.191a.38.38 0 0 0 .247.088c.09 0 .18-.03.247-.088a.27.27 0 0 0 0-.424"
                />
              </g>
            </svg>
            <div
              class="Breadcrumb__item"
            >
              App Spotlight
            </div>
          </div>
        </div>
        <div
          class="Actionbar__close"
        >
          ×
        </div>
      </div>
      <div
        class="AppSpotlightGrid"
      >
        <div
          class="AppSpotlightHeader"
        >
          <div
            class="AppSpotlightAppImage"
          >
            <div
              class="AppSpotlightAppImage__wrapper"
            >
              <img
                alt="Slack"
                src="https://lh3.googleusercontent.com/-l_O1PMEJxzA/XEAD-o6j8wI/AAAAAAAAAG8/wsDm_C1DqnwzfVu_ByQ3Z8xxZo7Zs6D9ACLcBGAs/s400/128x128.png"
              />
            </div>
            <div
              class="AppSpotlightAppImage__title"
            >
              <h3
                class="Typography Typography--h3 Typography--normal AppSpotlightHeader__title-name"
                data-testid="apptitle"
              >
                Slack
              </h3>
            </div>
            <div
              class="AppSpotlightAppImage__marketplace"
            >
              <a
                href="https://gsuite.google.com/marketplace/app/slack/19570130570"
                rel="noopener noreferrer"
                target="_blank"
              >
                <button
                  class="Button AppSpotlightAppImage__marketplace--url Button--secondary"
                  type="button"
                >
                  View in G Suite Marketplace
                </button>
              </a>
            </div>
          </div>
          <div
            class="AppSpotlightGrantContainer"
          >
            <div
              class="AppSpotlightGrantContainer__top"
            >
              <h3
                class="Typography Typography--h3 Typography--normal AppSpotlightAppImage__top-title"
              >
                This app has been granted access to:
              </h3>
            </div>
            <div
              class="AppSpotlightGrantContainer__top-bar"
            >
              <div
                class="AppSpotlightAppbar"
              >
                <div
                  class="horizontal-menu"
                  style="align-items: center; display: flex; user-select: none;"
                >
                  <div
                    class="AppSpotlightAppbar__arrow-wrapper AppSpotlightAppbar__arrow-wrapper--disabled"
                  >
                    <div
                      class="AppSpotlightAppbar__arrow"
                    >
                      ‹
                    </div>
                  </div>
                  <div
                    class="menu-wrapper"
                    style="overflow: hidden; user-select: none;"
                  >
                    <div
                      class="menu-wrapper--inner"
                      style="transform: translate3d(0px, 0, 0); transition: transform 0.4s; white-space: nowrap; text-align: left;"
                    >
                      <div
                        class="AppSpotlightAppbar__item "
                        role="button"
                        style="display: inline-block;"
                        tabindex="0"
                      >
                        <div
                          class="AppSpotlightAppbarItem selected"
                        >
                          <div
                            class="AppSpotlightAppbarItem__wrapper"
                          >
                            <img
                              alt="Admin"
                              class="AppSpotlightAppbarItem__wrapper--image"
                              draggable="false"
                              src="/services/admin.png"
                            />
                            <span
                              class="Typography Typography--label Typography--normal AppSpotlightAppbarItem__wrapper--title"
                            >
                              Admin
                            </span>
                          </div>
                        </div>
                      </div>
                      <div
                        class="AppSpotlightAppbar__item "
                        role="button"
                        style="display: inline-block;"
                        tabindex="0"
                      >
                        <div
                          class="AppSpotlightAppbarItem"
                        >
                          <div
                            class="AppSpotlightAppbarItem__wrapper"
                          >
                            <img
                              alt="Calendar"
                              class="AppSpotlightAppbarItem__wrapper--image"
                              draggable="false"
                              src="/services/calendar.png"
                            />
                            <span
                              class="Typography Typography--label Typography--normal AppSpotlightAppbarItem__wrapper--title"
                            >
                              Calendar
                            </span>
                          </div>
                        </div>
                      </div>
                      <div
                        class="AppSpotlightAppbar__item "
                        role="button"
                        style="display: inline-block;"
                        tabindex="0"
                      >
                        <div
                          class="AppSpotlightAppbarItem"
                        >
                          <div
                            class="AppSpotlightAppbarItem__wrapper"
                          >
                            <img
                              alt="Drive"
                              class="AppSpotlightAppbarItem__wrapper--image"
                              draggable="false"
                              src="/services/drive.png"
                            />
                            <span
                              class="Typography Typography--label Typography--normal AppSpotlightAppbarItem__wrapper--title"
                            >
                              Drive
                            </span>
                          </div>
                        </div>
                      </div>
                      <div
                        class="AppSpotlightAppbar__item "
                        role="button"
                        style="display: inline-block;"
                        tabindex="0"
                      >
                        <div
                          class="AppSpotlightAppbarItem"
                        >
                          <div
                            class="AppSpotlightAppbarItem__wrapper"
                          >
                            <img
                              alt="Google"
                              class="AppSpotlightAppbarItem__wrapper--image"
                              draggable="false"
                              src="/services/google.png"
                            />
                            <span
                              class="Typography Typography--label Typography--normal AppSpotlightAppbarItem__wrapper--title"
                            >
                              Google
                            </span>
                          </div>
                        </div>
                      </div>
                      <div
                        class="AppSpotlightAppbar__item "
                        role="button"
                        style="display: inline-block;"
                        tabindex="0"
                      >
                        <div
                          class="AppSpotlightAppbarItem"
                        >
                          <div
                            class="AppSpotlightAppbarItem__wrapper"
                          >
                            <img
                              alt="People"
                              class="AppSpotlightAppbarItem__wrapper--image"
                              draggable="false"
                              src="/services/people.png"
                            />
                            <span
                              class="Typography Typography--label Typography--normal AppSpotlightAppbarItem__wrapper--title"
                            >
                              People
                            </span>
                          </div>
                        </div>
                      </div>
                    </div>
                  </div>
                  <div
                    class="AppSpotlightAppbar__arrow-wrapper AppSpotlightAppbar__arrow-wrapper--disabled"
                  >
                    <div
                      class="AppSpotlightAppbar__arrow"
                    >
                      ›
                    </div>
                  </div>
                </div>
              </div>
            </div>
            <div
              class="AppSpotlightGrantContainer__bottom"
              tabindex="0"
            >
              <span
                class="AppSpotlightGrantContainer__bottom--close"
              >
                ×
              </span>
              <ul
                class="AppSpotlightAppScopes"
              >
                <li>
                  View users on your domain
                </li>
              </ul>
            </div>
          </div>
        </div>
        <div
          class="AppSpotlightGrid__wrapper"
        >
          <div
            class="Tabs AppSpotlighGrid__Tabs"
          >
            <div
              class="Tabs__tab-list AppSpotlightGrid__TabList"
            >
              <div
                class="Tabs__tab-list-scrolled"
              >
                <div
                  class="Tabs__tab-list-arrow-left Tabs__tab-list-arrow-left--hidden Tabs__tab-list-arrow-default"
                >
                  ‹
                </div>
                <div
                  class="Tabs__tab-list-scroll-wrapper"
                >
                  <div
                    class="Tabs__tab-list-scroll"
                    style="left: 0px;"
                  >
                    <div
                      aria-roledescription="tab"
                      class="Tabs__tab AppSpotlightGrid__Tab Tabs__tab--selected"
                    >
                      <div
                        class="AppSpotlightGridTabItem"
                      >
                        <div
                          class="AppSpotlightGridTabItem--title"
                        >
                          Authorized By
                        </div>
                        <div
                          class="AppSpotlightGridTabItem--content"
                        >
                          <div
                            class="AppSpotlightGridTabItem--details"
                          >
                            of 100 total users
                          </div>
                          <div
                            class="AppSpotlightGridTabItem--chart"
                          >
                            <div
                              class="DonutChart DonutChart__auth"
                            >
                              <div
                                class="ct-chart "
                              >
                                <svg
                                  class="ct-chart-donut"
                                  height="100%"
                                  style="width: 100%; height: 100%;"
                                  width="100%"
                                  xmlns:ct="http://gionkunz.github.com/chartist-js/ct"
                                >
                                  <g
                                    class="ct-series ct-series-a"
                                  >
                                    <path
                                      class="ct-slice-donut-solid"
                                      ct:value="90"
                                      d="M5.206,5.095A0.5,0.5,0,1,0,5.5,5L5.5,9A-3.5,-3.5,0,1,1,7.557,8.332Z"
                                    />
                                  </g>
                                  <g
                                    class="ct-series ct-series-b"
                                  >
                                    <path
                                      class="ct-slice-donut-solid"
                                      ct:value="10"
                                      d="M5.5,5A0.5,0.5,0,0,0,5.205,5.097L7.567,8.324A-3.5,-3.5,0,0,1,5.5,9Z"
                                    />
                                  </g>
                                </svg>
                              </div>
                              <div
                                class="DonutChart__body"
                              >
                                <div
                                  class="DonutChart__body--title"
                                >
                                  90%
                                </div>
                                <div
                                  class="DonutChart__body--subtitle"
                                >
                                  of Users
                                </div>
                              </div>
                            </div>
                          </div>
                        </div>
                      </div>
                    </div>
                    <div
                      aria-roledescription="tab"
                      class="Tabs__tab AppSpotlightGrid__Tab"
                    >
                      <div
                        class="AppSpotlightGridTabItem"
                      >
                        <div
                          class="AppSpotlightGridTabItem--title"
                        >
                          File Downloads
                        </div>
                        <div
                          class="AppSpotlightGridTabItem--content"
                        >
                          <div
                            class="AppSpotlightGridTabItem--details"
                          >
                            130 sensitive files
                          </div>
                          <div
                            class="AppSpotlightGridTabItem--chart"
                          >
                            <div
                              class="DonutChart DonutChart__download"
                            >
                              <div
                                class="ct-chart "
                              >
                                <svg
                                  class="ct-chart-donut"
                                  height="100%"
                                  style="width: 100%; height: 100%;"
                                  width="100%"
                                  xmlns:ct="http://gionkunz.github.com/chartist-js/ct"
                                >
                                  <g
                                    class="ct-series ct-series-a"
                                  >
                                    <path
                                      class="ct-slice-donut-solid"
                                      ct:value="0"
                                      d="M5.5,5A0.5,0.5,0,0,0,5.5,5L5.5,9A-3.5,-3.5,0,0,1,5.5,9Z"
                                    />
                                  </g>
                                  <g
                                    class="ct-series ct-series-b"
                                  >
                                    <path
                                      class="ct-slice-donut-solid"
                                      ct:value="100"
                                      d="M5.5,5A0.5,0.5,0,1,0,5.5,5L5.5,9A-3.5,-3.5,0,1,1,5.501,9Z"
                                    />
                                  </g>
                                </svg>
                              </div>
                              <div
                                class="DonutChart__body"
                              >
                                <div
                                  class="DonutChart__body--title"
                                >
                                  51k+
                                </div>
                                <div
                                  class="DonutChart__body--subtitle"
                                >
                                  Downloads
                                </div>
                              </div>
                            </div>
                          </div>
                        </div>
                      </div>
                    </div>
                    <div
                      aria-roledescription="tab"
                      class="Tabs__tab AppSpotlightGrid__Tab"
                    >
                      <div
                        class="AppSpotlightGridTabItem"
                      >
                        <div
                          class="AppSpotlightGridTabItem--title"
                        >
                          Associated Risks
                        </div>
                        <div
                          class="AppSpotlightGridTabItem--content"
                        >
                          <div
                            class="AppSpotlightGridTabItem--details"
                          >
                            <ul>
                              <li
                                class="Severe2"
                              >
                                Severity 2 
                                <span>
                                  1
                                   
                                  risk
                                </span>
                              </li>
                            </ul>
                          </div>
                          <div
                            class="AppSpotlightGridTabItem--chart"
                          >
                            <div
                              class="DonutChart DonutChart__risk"
                            >
                              <div
                                class="ct-chart "
                              >
                                <svg
                                  class="ct-chart-donut"
                                  height="100%"
                                  style="width: 100%; height: 100%;"
                                  width="100%"
                                  xmlns:ct="http://gionkunz.github.com/chartist-js/ct"
                                >
                                  <g
                                    class="ct-series ct-series-a"
                                  >
                                    <path
                                      class="ct-slice-donut-solid"
                                      ct:value="1"
                                      d="M5.5,5A0.5,0.5,0,1,0,5.5,5L5.5,9A-3.5,-3.5,0,1,1,5.501,9Z"
                                    />
                                  </g>
                                </svg>
                              </div>
                              <div
                                class="DonutChart__body"
                              >
                                <div
                                  class="DonutChart__body--title"
                                >
                                  1
                                </div>
                                <div
                                  class="DonutChart__body--subtitle"
                                >
                                  Risks
                                </div>
                              </div>
                            </div>
                          </div>
                        </div>
                      </div>
                    </div>
                  </div>
                </div>
                <div
                  class="Tabs__tab-list-arrow-right Tabs__tab-list-arrow-default"
                >
                  ›
                </div>
              </div>
              <div
                class="Tabs__tab-list-scroll-spacer"
                style="height: 0px;"
              />
            </div>
          </div>
          <div
            class="AppSpotlightGrid__content"
          >
            <div
              class="AppSpotlightGrid__content--details"
            >
              <div
                class="AppSpotlightGrid__content--header"
              >
                <div
                  class="title"
                >
                  Individuals who have authorized this App
                </div>
                <div
                  class="prev-chart"
                >
                  <div
                    class="PreviewChartWrapper"
                  >
                    <div
                      class="hot-point hidden blue"
                    />
                    <div
                      class="ct-chart PreviewChart ct-double-octave blue"
                    >
                      <svg
                        class="ct-chart-line"
                        height="100%"
                        style="width: 100%; height: 100%;"
                        width="100%"
                        xmlns:ct="http://gionkunz.github.com/chartist-js/ct"
                      >
                        <g
                          class="ct-grids"
                        >
                          <line
                            class="ct-grid ct-horizontal"
                            x1="50"
                            x2="50"
                            y1="15"
                            y2="16"
                          />
                          <line
                            class="ct-grid ct-horizontal"
                            x1="50.09090909090909"
                            x2="50.09090909090909"
                            y1="15"
                            y2="16"
                          />
                          <line
                            class="ct-grid ct-horizontal"
                            x1="50.18181818181818"
                            x2="50.18181818181818"
                            y1="15"
                            y2="16"
                          />
                          <line
                            class="ct-grid ct-horizontal"
                            x1="50.27272727272727"
                            x2="50.27272727272727"
                            y1="15"
                            y2="16"
                          />
                          <line
                            class="ct-grid ct-horizontal"
                            x1="50.36363636363637"
                            x2="50.36363636363637"
                            y1="15"
                            y2="16"
                          />
                          <line
                            class="ct-grid ct-horizontal"
                            x1="50.45454545454545"
                            x2="50.45454545454545"
                            y1="15"
                            y2="16"
                          />
                          <line
                            class="ct-grid ct-horizontal"
                            x1="50.54545454545455"
                            x2="50.54545454545455"
                            y1="15"
                            y2="16"
                          />
                          <line
                            class="ct-grid ct-horizontal"
                            x1="50.63636363636363"
                            x2="50.63636363636363"
                            y1="15"
                            y2="16"
                          />
                          <line
                            class="ct-grid ct-horizontal"
                            x1="50.72727272727273"
                            x2="50.72727272727273"
                            y1="15"
                            y2="16"
                          />
                          <line
                            class="ct-grid ct-horizontal"
                            x1="50.81818181818182"
                            x2="50.81818181818182"
                            y1="15"
                            y2="16"
                          />
                          <line
                            class="ct-grid ct-horizontal"
                            x1="50.90909090909091"
                            x2="50.90909090909091"
                            y1="15"
                            y2="16"
                          />
                          <line
                            class="ct-grid ct-vertical"
                            x1="50"
                            x2="51"
                            y1="16"
                            y2="16"
                          />
                        </g>
                        <g>
                          <g
                            class="ct-series ct-series-a"
                          >
                            <path
                              class="ct-area"
                              d="M50,18L50,15.75L50.09090909090909,15.8L50.18181818181818,15.925L50.27272727272727,18L50.36363636363637,15.9L50.45454545454545,15.45L50.54545454545455,15.4L50.63636363636363,15.5L50.72727272727273,18L50.81818181818182,15.45L50.90909090909091,15.4L50.90909090909091,18"
                            />
                            <path
                              class="ct-line"
                              d="M50,15.75L50.091,15.8L50.182,15.925L50.273,16L50.364,15.9L50.455,15.45L50.545,15.4L50.636,15.5L50.727,16L50.818,15.45L50.909,15.4"
                            />
                            <circle
                              class="ct-point"
                              cx="50"
                              cy="15.75"
                              fillOpacity="1"
                              r="4"
                            />
                            <circle
                              class="ct-point"
                              cx="50.09090909090909"
                              cy="15.8"
                              fillOpacity="1"
                              r="4"
                            />
                            <circle
                              class="ct-point"
                              cx="50.18181818181818"
                              cy="15.925"
                              fillOpacity="1"
                              r="4"
                            />
                            <circle
                              class="ct-point"
                              cx="50.27272727272727"
                              cy="16"
                              fillOpacity="1"
                              r="4"
                            />
                            <circle
                              class="ct-point"
                              cx="50.36363636363637"
                              cy="15.9"
                              fillOpacity="1"
                              r="4"
                            />
                            <circle
                              class="ct-point"
                              cx="50.45454545454545"
                              cy="15.45"
                              fillOpacity="1"
                              r="4"
                            />
                            <circle
                              class="ct-point"
                              cx="50.54545454545455"
                              cy="15.4"
                              fillOpacity="1"
                              r="4"
                            />
                            <circle
                              class="ct-point"
                              cx="50.63636363636363"
                              cy="15.5"
                              fillOpacity="1"
                              r="4"
                            />
                            <circle
                              class="ct-point"
                              cx="50.72727272727273"
                              cy="16"
                              fillOpacity="1"
                              r="4"
                            />
                            <circle
                              class="ct-point"
                              cx="50.81818181818182"
                              cy="15.45"
                              fillOpacity="1"
                              r="4"
                            />
                            <circle
                              class="ct-point"
                              cx="50.90909090909091"
                              cy="15.4"
                              fillOpacity="1"
                              r="4"
                            />
                          </g>
                        </g>
                        <g
                          class="ct-labels"
                        >
                          <foreignobject
                            height="20"
                            style="overflow: visible;"
                            width="0.09090909090909091"
                            x="50"
                            y="21"
                          >
                            <span
                              class="ct-label ct-horizontal ct-end"
                              style="width: 0px; height: 20px;"
                              xmlns="http://www.w3.org/2000/xmlns/"
                            />
                          </foreignobject>
                          <foreignobject
                            height="20"
                            style="overflow: visible;"
                            width="0.09090909090909091"
                            x="50.09090909090909"
                            y="21"
                          >
                            <span
                              class="ct-label ct-horizontal ct-end"
                              style="width: 0px; height: 20px;"
                              xmlns="http://www.w3.org/2000/xmlns/"
                            />
                          </foreignobject>
                          <foreignobject
                            height="20"
                            style="overflow: visible;"
                            width="0.09090909090909088"
                            x="50.18181818181818"
                            y="21"
                          >
                            <span
                              class="ct-label ct-horizontal ct-end"
                              style="width: 0px; height: 20px;"
                              xmlns="http://www.w3.org/2000/xmlns/"
                            />
                          </foreignobject>
                          <foreignobject
                            height="20"
                            style="overflow: visible;"
                            width="0.09090909090909094"
                            x="50.27272727272727"
                            y="21"
                          >
                            <span
                              class="ct-label ct-horizontal ct-end"
                              style="width: 0px; height: 20px;"
                              xmlns="http://www.w3.org/2000/xmlns/"
                            />
                          </foreignobject>
                          <foreignobject
                            height="20"
                            style="overflow: visible;"
                            width="0.09090909090909094"
                            x="50.36363636363637"
                            y="21"
                          >
                            <span
                              class="ct-label ct-horizontal ct-end"
                              style="width: 0px; height: 20px;"
                              xmlns="http://www.w3.org/2000/xmlns/"
                            />
                          </foreignobject>
                          <foreignobject
                            height="20"
                            style="overflow: visible;"
                            width="0.09090909090909083"
                            x="50.45454545454545"
                            y="21"
                          >
                            <span
                              class="ct-label ct-horizontal ct-end"
                              style="width: 0px; height: 20px;"
                              xmlns="http://www.w3.org/2000/xmlns/"
                            />
                          </foreignobject>
                          <foreignobject
                            height="20"
                            style="overflow: visible;"
                            width="0.09090909090909094"
                            x="50.54545454545455"
                            y="21"
                          >
                            <span
                              class="ct-label ct-horizontal ct-end"
                              style="width: 0px; height: 20px;"
                              xmlns="http://www.w3.org/2000/xmlns/"
                            />
                          </foreignobject>
                          <foreignobject
                            height="20"
                            style="overflow: visible;"
                            width="0.09090909090909094"
                            x="50.63636363636363"
                            y="21"
                          >
                            <span
                              class="ct-label ct-horizontal ct-end"
                              style="width: 0px; height: 20px;"
                              xmlns="http://www.w3.org/2000/xmlns/"
                            />
                          </foreignobject>
                          <foreignobject
                            height="20"
                            style="overflow: visible;"
                            width="0.09090909090909094"
                            x="50.72727272727273"
                            y="21"
                          >
                            <span
                              class="ct-label ct-horizontal ct-end"
                              style="width: 0px; height: 20px;"
                              xmlns="http://www.w3.org/2000/xmlns/"
                            />
                          </foreignobject>
                          <foreignobject
                            height="20"
                            style="overflow: visible;"
                            width="0.09090909090909094"
                            x="50.81818181818182"
                            y="21"
                          >
                            <span
                              class="ct-label ct-horizontal ct-end"
                              style="width: 0px; height: 20px;"
                              xmlns="http://www.w3.org/2000/xmlns/"
                            />
                          </foreignobject>
                          <foreignobject
                            height="20"
                            style="overflow: visible;"
                            width="30"
                            x="50.90909090909091"
                            y="21"
                          >
                            <span
                              class="ct-label ct-horizontal ct-end"
                              style="width: 30px; height: 20px;"
                              xmlns="http://www.w3.org/2000/xmlns/"
                            />
                          </foreignobject>
                          <foreignobject
                            height="30"
                            style="overflow: visible;"
                            width="30"
                            x="10"
                            y="-14"
                          >
                            <span
                              class="ct-label ct-vertical ct-start"
                              style="height: 30px; width: 30px;"
                              xmlns="http://www.w3.org/2000/xmlns/"
                            />
                          </foreignobject>
                        </g>
                      </svg>
                    </div>
                    <div
                      class="PreviewChartState"
                    />
                  </div>
                </div>
              </div>
              <div />
              <div
                class="Table AppSpotlightAuthorizedByTable"
              >
                <table
                  class="Table__table"
                >
                  <thead>
                    <tr
                      class="Table__heading"
                    >
                      <th
                        class="Table__heading-cell"
                      >
                        <span>
                          Person
                        </span>
                      </th>
                      <th
                        class="Table__heading-cell"
                      >
                        <span>
                          Name
                        </span>
                      </th>
                      <th
                        class="Table__heading-cell"
                      >
                        <span>
                          Primary Email
                        </span>
                      </th>
                    </tr>
                  </thead>
                  <tbody>
                    <tr
                      class="Table__row"
                    >
                      <td
                        class="Table__cell"
                      >
                        <div
                          class="AvatarCell"
                        >
                          <div
                            class="BaseAvatar "
                          >
                            <div
                              class="BaseAvatar__image"
                            >
                              <img
                                alt="AK"
                                src="avatar"
                                style="width: 2em;"
                              />
                            </div>
                          </div>
                        </div>
                      </td>
                      <td
                        class="Table__cell"
                      >
                        <span>
                          Amir Kavousian
                        </span>
                      </td>
                      <td
                        class="Table__cell"
                      >
                        <a
                          class="People__link"
                          href="/dashboard/spotlight/amir%40thoughtlabs.io"
                        >
                          amir@thoughtlabs.io
                        </a>
                      </td>
                    </tr>
                    <tr
                      class="Table__row"
                    >
                      <td
                        class="Table__cell"
                      >
                        <div
                          class="AvatarCell"
                        >
                          <div
                            class="BaseAvatar "
                          >
                            <div
                              class="BaseAvatar__image"
                            >
                              <img
                                alt="BH"
                                src="avatar"
                                style="width: 2em;"
                              />
                            </div>
                          </div>
                        </div>
                      </td>
                      <td
                        class="Table__cell"
                      >
                        <span>
                          Bobbie Hawaii
                        </span>
                      </td>
                      <td
                        class="Table__cell"
                      >
                        <a
                          class="People__link"
                          href="/dashboard/spotlight/bobbie%40thoughtlabs.io"
                        >
                          bobbie@thoughtlabs.io
                        </a>
                      </td>
                    </tr>
                    <tr
                      class="Table__row"
                    >
                      <td
                        class="Table__cell"
                      >
                        <div
                          class="AvatarCell"
                        >
                          <div
                            class="BaseAvatar "
                          >
                            <div
                              class="BaseAvatar__image"
                            >
                              <img
                                alt="JF"
                                src="avatar"
                                style="width: 2em;"
                              />
                            </div>
                          </div>
                        </div>
                      </td>
                      <td
                        class="Table__cell"
                      >
                        <span>
                          Johannes Freden
                        </span>
                      </td>
                      <td
                        class="Table__cell"
                      >
                        <a
                          class="People__link"
                          href="/dashboard/spotlight/johannes%40thoughtlabs.io"
                        >
                          johannes@thoughtlabs.io
                        </a>
                      </td>
                    </tr>
                    <tr
                      class="Table__row"
                    >
                      <td
                        class="Table__cell"
                      >
                        <div
                          class="AvatarCell"
                        >
                          <div
                            class="BaseAvatar "
                          >
                            <div
                              class="BaseAvatar__image"
                            >
                              <img
                                alt="LA"
                                src="avatar"
                                style="width: 2em;"
                              />
                            </div>
                          </div>
                        </div>
                      </td>
                      <td
                        class="Table__cell"
                      >
                        <span>
                          Lisa Andrews
                        </span>
                      </td>
                      <td
                        class="Table__cell"
                      >
                        <a
                          class="People__link"
                          href="/dashboard/spotlight/LisaAndrews%40thoughtlabs.io"
                        >
                          LisaAndrews@thoughtlabs.io
                        </a>
                      </td>
                    </tr>
                    <tr
                      class="Table__row"
                    >
                      <td
                        class="Table__cell"
                      >
                        <div
                          class="AvatarCell"
                        >
                          <div
                            class="BaseAvatar "
                          >
                            <div
                              class="BaseAvatar__image"
                            >
                              <img
                                alt="MC"
                                src="avatar"
                                style="width: 2em;"
                              />
                            </div>
                          </div>
                        </div>
                      </td>
                      <td
                        class="Table__cell"
                      >
                        <span>
                          Michael Coates
                        </span>
                      </td>
                      <td
                        class="Table__cell"
                      >
                        <a
                          class="People__link"
                          href="/dashboard/spotlight/michael%40thoughtlabs.io"
                        >
                          michael@thoughtlabs.io
                        </a>
                      </td>
                    </tr>
                    <tr
                      class="Table__row"
                    >
                      <td
                        class="Table__cell"
                      >
                        <div
                          class="AvatarCell"
                        >
                          <div
                            class="BaseAvatar "
                          >
                            <div
                              class="BaseAvatar__image"
                            >
                              <img
                                alt="AZ"
                                src="avatar"
                                style="width: 2em;"
                              />
                            </div>
                          </div>
                        </div>
                      </td>
                      <td
                        class="Table__cell"
                      >
                        <span>
                          Andy Z
                        </span>
                      </td>
                      <td
                        class="Table__cell"
                      >
                        <a
                          class="People__link"
                          href="/dashboard/spotlight/andy%40thoughtlabs.io"
                        >
                          andy@thoughtlabs.io
                        </a>
                      </td>
                    </tr>
                    <tr
                      class="Table__row"
                    >
                      <td
                        class="Table__cell"
                      >
                        <div
                          class="AvatarCell"
                        >
                          <div
                            class="BaseAvatar "
                          >
                            <div
                              class="BaseAvatar__image"
                            >
                              <img
                                alt="jf"
                                src="avatar"
                                style="width: 2em;"
                              />
                            </div>
                          </div>
                        </div>
                      </td>
                      <td
                        class="Table__cell"
                      >
                        <span>
                          joe f
                        </span>
                      </td>
                      <td
                        class="Table__cell"
                      >
                        <a
                          class="People__link"
                          href="/dashboard/spotlight/joe%40thoughtlabs.io"
                        >
                          joe@thoughtlabs.io
                        </a>
                      </td>
                    </tr>
                  </tbody>
                </table>
                <div
                  class="Table__children"
                >
                  <div
                    class="EntityCountPagination"
                  >
                    <div>
                      <button
                        class="Button EntityCountPagination__export-button Button--secondary"
                        type="button"
                      >
                        Export All
                      </button>
                    </div>
                    <div
                      class="EntityCountPagination__pagination-info"
                    >
                      <div
                        class="EntityCountPagination__page-size EntityCountPagination__items-count"
                      >
                        <span>
                          Displaying
                        </span>
                        <div
                          class="EntityCountPagination__controller"
                        >
                          <select
                            class="FormControl FormControl--flat"
                          >
                            <option
                              class="FormControl FormControl--flat"
                              value="10"
                            >
                              10
                            </option>
                            <option
                              class="FormControl FormControl--flat"
                              value="20"
                            >
                              20
                            </option>
                            <option
                              class="FormControl FormControl--flat"
                              value="25"
                            >
                              25
                            </option>
                            <option
                              class="FormControl FormControl--flat"
                              value="50"
                            >
                              50
                            </option>
                          </select>
                        </div>
                        <span>
                          Items Per Page
                        </span>
                      </div>
                    </div>
                  </div>
                </div>
              </div>
            </div>
          </div>
        </div>
      </div>
    </div>
  </div>
</div>
`;
