// Jest Snapshot v1, https://goo.gl/fbAQLP

exports[`renders correctly 1`] = `
<div>
  <div
    class="ChangePassword"
  >
    <h3
      class="Typography Typography--h3 SectionTitle"
    >
      Change Password
    </h3>
    <form
      class="ChangePassword__form"
    >
      <div
        class="FormGroup"
      >
        <label
          class="FormLabel"
          for="oldPassword"
        >
          Current Password
        </label>
        <input
          autocomplete="current-password"
          class="FormControl FormControl--flat"
          id="oldPassword"
          placeholder="•••••"
          type="password"
          value=""
        />
      </div>
      <hr
        class="ChangePassword__separator"
      />
      <div
        class="FormGroup"
      >
        <label
          class="FormLabel"
          for="password"
        >
          New Password
        </label>
        <input
          autocomplete="new-password"
          class="FormControl FormControl--flat"
          id="password"
          placeholder="•••••"
          type="password"
          value=""
        />
        <div>
          <svg
            class="SetPasswordField__toggle-plaintext"
            style="enable-background: new 0 0 59.2 59.2;"
            version="1.1"
            viewBox="0 0 59.2 59.2"
            x="0px"
            xmlns="http://www.w3.org/2000/svg"
            y="0px"
          >
            <path
              d="M51.062 21.841a30.62 30.62 0 0 0-6.99-5.235l9.549-9.549a.999.999 0 1 0-1.414-1.414l-10.021 10.02a30.386 30.386 0 0 0-12.685-2.753c-8.145 0-15.802 3.171-21.561 8.931L0 29.781l8.138 8.138a30.62 30.62 0 0 0 6.714 5.078l-9.145 9.145a.999.999 0 1 0 1.414 1.414l9.593-9.593a30.39 30.39 0 0 0 12.984 2.886c8.145 0 15.802-3.171 21.561-8.931l7.941-7.941-8.138-8.136zM16.321 41.529a28.59 28.59 0 0 1-6.769-5.024l-6.724-6.724 6.527-6.527c5.381-5.381 12.536-8.345 20.146-8.345 3.903 0 7.683.784 11.169 2.27l-24.349 24.35zm33.524-5.024c-5.381 5.381-12.536 8.345-20.146 8.345-4.015 0-7.9-.833-11.468-2.402l24.361-24.361a28.55 28.55 0 0 1 7.056 5.168l6.724 6.724-6.527 6.526z"
            />
            <path
              d="M29.572 16.85c-7.168 0-13 5.832-13 13 0 2.543.745 4.91 2.012 6.916l17.904-17.904a12.907 12.907 0 0 0-6.916-2.012zM22.459 40.718a12.92 12.92 0 0 0 7.113 2.131c7.168 0 13-5.832 13-13a12.92 12.92 0 0 0-2.131-7.113L22.459 40.718z"
            />
          </svg>
        </div>
        <div
          class="SetPasswordField__strength-indicator-wrapper"
        >
          <div
            class="SetPasswordField__strength-label SetPasswordField__strength-label--"
          />
          <div
            class="SetPasswordField__strength-indicator SetPasswordField__strength-indicator--"
          />
        </div>
        <ul
          class="SetPasswordField__helper-text"
        >
          <li>
            Passwords must be 10 or more characters.
          </li>
          <li>
            Passwords cannot be 'weak'
          </li>
          <li>
            Enabling 2FA greatly improves security.
          </li>
        </ul>
      </div>
      <div
        class="FormGroup"
      >
        <label
          class="FormLabel"
          for="confirmPassword"
        >
          Confirm New Password
        </label>
        <input
          autocomplete="new-password"
          class="FormControl FormControl--flat"
          id="confirmPassword"
          placeholder="•••••"
          type="password"
          value=""
        />
      </div>
      <button
        class="Button ChangePassword__button Button--primary Button--disabled"
        disabled=""
        type="submit"
      >
        Save changes
      </button>
    </form>
  </div>
</div>
`;
